[sudo] password for uisrc: %I:rhs: file_name_LUT_typ:doublearm
%I:rhs: get die_type is die4
%I:rhs: get die_id is N4-D09-1-EVB02-2mA(new)
%I:rhs: get die_type is die4
%I:rhs: get die_id is N4-D09-1-EVB02-2mA(new)
%I:rhs: get vdd is 1.8
%I:rhs: get vee is 0.0
%I:rhs: get Power_ref =1000, get gc_mpd_offset=2102
%I:rhs: config tx calibration value: sw_ch = [9, 10, 11, 12, 13, 14, 15, 16],sw_val=[1, 0, 1, 1, 0, 0, 0, 1], dac_ch = [9, 10, 11, 12, 13, 14, 15, 16], dac_val=[2492, 2860, 1525, 2201, 515, 288, 557, 205]
%I:rhs: get die_type is die4
%I:rhs: get die_id is N4-D09-1-EVB02-2mA(new)
%I:rhs: mg_wgh1_sw_list is [17, 18, 19, 20, 21, 22, 23, 24]
%I:rhs: mg_wgh2_sw_list is [25, 26, 27, 28, 29, 30, 31, 32]
%I:rhs: get offset value is [2051.29, 2045.07]
open /dev/ttyPS1 serial error
open file sucess
set chaneel1 laster param: /dev/ttyUSB0 is  y = 0.2447x - 5.4282
open file sucess
set ch1 current 83.48mA
open file sucess
open file sucess
open file sucess
open file sucess
set vee = 0.0,set io value =0
set vdd = 1.8
ltc2264 reg read, data=[255, 135]
ltc2265 verify communication failed,read reg value is:135
ltc2264 reg read, data=[255, 128]
data is :0x80
ltc2264 reg read, data=[255, 203]
data is :0xcb
read finished flag =3, before update LUT
read finished flag =1, count = 0
read finished flag =3, count = 1
open file sucess
open file sucess
J1 on HW: offset=0 n=1000, batch=8, FAKE=False, HEAD_ELEC=True
[    8/1000] acc=100.00% elapsed=12.5s
[   16/1000] acc=100.00% elapsed=25.1s
[   24/1000] acc=100.00% elapsed=37.6s
[   32/1000] acc=100.00% elapsed=50.2s
[   40/1000] acc=100.00% elapsed=62.7s
[   48/1000] acc=100.00% elapsed=75.3s
[   56/1000] acc=100.00% elapsed=87.8s
[   64/1000] acc=100.00% elapsed=100.4s
[   72/1000] acc=97.22% elapsed=112.9s
[   80/1000] acc=97.50% elapsed=125.5s
[   88/1000] acc=96.59% elapsed=138.0s
[   96/1000] acc=96.88% elapsed=150.6s
[  104/1000] acc=97.12% elapsed=163.1s
[  112/1000] acc=94.64% elapsed=175.7s
[  120/1000] acc=94.17% elapsed=188.2s
[  128/1000] acc=94.53% elapsed=200.8s
[  136/1000] acc=94.85% elapsed=213.3s
[  144/1000] acc=94.44% elapsed=225.9s
[  152/1000] acc=94.08% elapsed=238.4s
[  160/1000] acc=93.75% elapsed=251.0s
[  168/1000] acc=93.45% elapsed=263.5s
[  176/1000] acc=92.61% elapsed=276.1s
[  184/1000] acc=91.85% elapsed=288.6s
[  192/1000] acc=92.19% elapsed=301.2s
[  200/1000] acc=91.50% elapsed=313.7s
[  208/1000] acc=91.35% elapsed=326.3s
[  216/1000] acc=91.20% elapsed=338.8s
[  224/1000] acc=91.07% elapsed=351.4s
[  232/1000] acc=91.38% elapsed=363.9s
[  240/1000] acc=91.25% elapsed=376.5s
[  248/1000] acc=91.13% elapsed=389.0s
[  256/1000] acc=90.23% elapsed=401.8s
[  264/1000] acc=89.77% elapsed=414.4s
[  272/1000] acc=90.07% elapsed=427.0s
[  280/1000] acc=90.00% elapsed=439.5s
[  288/1000] acc=89.93% elapsed=452.1s
[  296/1000] acc=89.53% elapsed=464.6s
[  304/1000] acc=89.14% elapsed=477.2s
[  312/1000] acc=89.42% elapsed=489.7s
[  320/1000] acc=89.38% elapsed=502.3s
[  328/1000] acc=88.72% elapsed=514.8s
[  336/1000] acc=88.69% elapsed=527.4s
[  344/1000] acc=88.66% elapsed=539.9s
[  352/1000] acc=88.92% elapsed=552.5s
[  360/1000] acc=89.17% elapsed=565.0s
[  368/1000] acc=89.13% elapsed=577.6s
[  376/1000] acc=89.10% elapsed=590.1s
[  384/1000] acc=89.32% elapsed=602.7s
[  392/1000] acc=89.54% elapsed=615.2s
[  400/1000] acc=89.75% elapsed=627.8s
[  408/1000] acc=89.46% elapsed=640.3s
[  416/1000] acc=89.66% elapsed=652.9s
[  424/1000] acc=89.62% elapsed=665.4s
[  432/1000] acc=89.81% elapsed=677.9s
[  440/1000] acc=90.00% elapsed=690.5s
[  448/1000] acc=89.96% elapsed=703.0s
[  456/1000] acc=90.13% elapsed=715.6s
[  464/1000] acc=90.30% elapsed=728.2s
[  472/1000] acc=90.25% elapsed=740.7s
[  480/1000] acc=90.21% elapsed=753.3s
[  488/1000] acc=90.16% elapsed=765.8s
[  496/1000] acc=90.32% elapsed=778.5s
[  504/1000] acc=90.08% elapsed=791.0s
[  512/1000] acc=90.23% elapsed=803.5s
[  520/1000] acc=90.38% elapsed=816.1s
[  528/1000] acc=90.53% elapsed=828.6s
[  536/1000] acc=90.67% elapsed=841.2s
[  544/1000] acc=90.81% elapsed=853.7s
[  552/1000] acc=90.76% elapsed=866.3s
[  560/1000] acc=90.89% elapsed=878.8s
[  568/1000] acc=90.85% elapsed=891.4s
[  576/1000] acc=90.97% elapsed=903.9s
[  584/1000] acc=91.10% elapsed=916.5s
[  592/1000] acc=90.88% elapsed=929.0s
[  600/1000] acc=90.83% elapsed=941.9s
[  608/1000] acc=90.46% elapsed=954.4s
[  616/1000] acc=90.26% elapsed=967.0s
[  624/1000] acc=90.38% elapsed=979.5s
[  632/1000] acc=90.35% elapsed=992.1s
[  640/1000] acc=90.47% elapsed=1004.6s
[  648/1000] acc=90.59% elapsed=1017.2s
[  656/1000] acc=90.40% elapsed=1029.9s
[  664/1000] acc=90.51% elapsed=1042.5s
[  672/1000] acc=90.62% elapsed=1055.1s
[  680/1000] acc=90.74% elapsed=1067.6s
[  688/1000] acc=90.70% elapsed=1080.2s
[  696/1000] acc=90.52% elapsed=1093.0s
[  704/1000] acc=90.62% elapsed=1105.6s
[  712/1000] acc=90.73% elapsed=1118.1s
[  720/1000] acc=90.69% elapsed=1130.7s
[  728/1000] acc=90.66% elapsed=1143.3s
[  736/1000] acc=90.76% elapsed=1155.9s
[  744/1000] acc=90.86% elapsed=1168.5s
[  752/1000] acc=90.82% elapsed=1181.0s
[  760/1000] acc=90.92% elapsed=1193.6s
[  768/1000] acc=90.89% elapsed=1206.2s
[  776/1000] acc=90.85% elapsed=1218.7s
[  784/1000] acc=90.94% elapsed=1231.3s
[  792/1000] acc=90.78% elapsed=1243.9s
[  800/1000] acc=90.62% elapsed=1256.4s
[  808/1000] acc=90.72% elapsed=1269.1s
[  816/1000] acc=90.81% elapsed=1281.9s
[  824/1000] acc=90.90% elapsed=1294.5s
[  832/1000] acc=90.87% elapsed=1307.1s
[  840/1000] acc=90.95% elapsed=1319.7s
[  848/1000] acc=91.04% elapsed=1332.3s
[  856/1000] acc=91.00% elapsed=1344.9s
[  864/1000] acc=90.97% elapsed=1357.5s
[  872/1000] acc=91.06% elapsed=1370.0s
[  880/1000] acc=91.02% elapsed=1382.6s
[  888/1000] acc=91.10% elapsed=1395.2s
[  896/1000] acc=91.18% elapsed=1407.8s
[  904/1000] acc=91.26% elapsed=1420.6s
[  912/1000] acc=91.23% elapsed=1433.2s
[  920/1000] acc=91.30% elapsed=1445.8s
[  928/1000] acc=91.38% elapsed=1458.3s
[  936/1000] acc=91.45% elapsed=1470.9s
[  944/1000] acc=91.53% elapsed=1483.5s
[  952/1000] acc=91.39% elapsed=1496.0s
[  960/1000] acc=91.46% elapsed=1508.6s
[  968/1000] acc=91.43% elapsed=1521.2s
[  976/1000] acc=91.39% elapsed=1533.8s
[  984/1000] acc=91.26% elapsed=1546.3s
[  992/1000] acc=91.13% elapsed=1558.9s
[ 1000/1000] acc=91.20% elapsed=1571.5s
FINAL: 91.20%
%I:rhs: Closing...
[]
