[sudo] password for uisrc: %I:rhs: file_name_LUT_typ:doublearm
%I:rhs: get die_type is die4
%I:rhs: get die_id is N4-D09-1-EVB02-2mA(new)
%I:rhs: get die_type is die4
%I:rhs: get die_id is N4-D09-1-EVB02-2mA(new)
%I:rhs: get vdd is 1.8
%I:rhs: get vee is 0.0
%I:rhs: get Power_ref =1000, get gc_mpd_offset=2102
%I:rhs: config tx calibration value: sw_ch = [9, 10, 11, 12, 13, 14, 15, 16],sw_val=[1, 0, 1, 1, 0, 0, 0, 1], dac_ch = [9, 10, 11, 12, 13, 14, 15, 16], dac_val=[2492, 2860, 1525, 2201, 515, 288, 557, 205]
%I:rhs: get die_type is die4
%I:rhs: get die_id is N4-D09-1-EVB02-2mA(new)
%I:rhs: mg_wgh1_sw_list is [17, 18, 19, 20, 21, 22, 23, 24]
%I:rhs: mg_wgh2_sw_list is [25, 26, 27, 28, 29, 30, 31, 32]
%I:rhs: get offset value is [2051.29, 2045.07]
open /dev/ttyPS1 serial error
open file sucess
set chaneel1 laster param: /dev/ttyUSB0 is  y = 0.2447x - 5.4282
open file sucess
set ch1 current 83.48mA
open file sucess
open file sucess
open file sucess
open file sucess
set vee = 0.0,set io value =0
set vdd = 1.8
ltc2264 reg read, data=[255, 135]
ltc2265 verify communication failed,read reg value is:135
ltc2264 reg read, data=[255, 128]
data is :0x80
ltc2264 reg read, data=[255, 203]
data is :0xcb
read finished flag =3, before update LUT
read finished flag =1, count = 0
read finished flag =3, count = 1
open file sucess
open file sucess
J1 on HW: 1000 samples, batch=8, FAKE=False
[    8/1000] acc=100.00% elapsed=12.9s
[   16/1000] acc=100.00% elapsed=25.7s
[   24/1000] acc=100.00% elapsed=38.5s
[   32/1000] acc=100.00% elapsed=51.3s
[   40/1000] acc=97.50% elapsed=64.1s
[   48/1000] acc=95.83% elapsed=76.9s
[   56/1000] acc=96.43% elapsed=89.7s
[   64/1000] acc=96.88% elapsed=102.5s
[   72/1000] acc=94.44% elapsed=115.3s
[   80/1000] acc=93.75% elapsed=128.1s
[   88/1000] acc=94.32% elapsed=141.0s
[   96/1000] acc=93.75% elapsed=153.8s
[  104/1000] acc=94.23% elapsed=166.6s
[  112/1000] acc=91.96% elapsed=179.5s
[  120/1000] acc=91.67% elapsed=192.6s
[  128/1000] acc=92.19% elapsed=205.6s
[  136/1000] acc=92.65% elapsed=218.5s
[  144/1000] acc=93.06% elapsed=231.3s
[  152/1000] acc=92.76% elapsed=244.1s
[  160/1000] acc=91.88% elapsed=256.9s
[  168/1000] acc=91.67% elapsed=269.7s
[  176/1000] acc=90.91% elapsed=282.5s
[  184/1000] acc=90.22% elapsed=295.3s
[  192/1000] acc=90.10% elapsed=308.1s
[  200/1000] acc=89.00% elapsed=320.9s
[  208/1000] acc=89.42% elapsed=333.7s
[  216/1000] acc=89.35% elapsed=346.5s
[  224/1000] acc=88.39% elapsed=359.3s
[  232/1000] acc=88.79% elapsed=372.4s
[  240/1000] acc=88.33% elapsed=385.2s
[  248/1000] acc=88.31% elapsed=398.0s
[  256/1000] acc=87.89% elapsed=410.8s
[  264/1000] acc=87.50% elapsed=423.6s
[  272/1000] acc=87.87% elapsed=436.4s
[  280/1000] acc=87.86% elapsed=449.2s
[  288/1000] acc=87.50% elapsed=462.0s
[  296/1000] acc=87.16% elapsed=474.8s
[  304/1000] acc=87.17% elapsed=487.6s
[  312/1000] acc=87.50% elapsed=500.4s
[  320/1000] acc=86.88% elapsed=513.3s
[  328/1000] acc=86.28% elapsed=526.2s
[  336/1000] acc=86.01% elapsed=539.0s
[  344/1000] acc=85.76% elapsed=551.9s
[  352/1000] acc=86.08% elapsed=564.7s
[  360/1000] acc=86.39% elapsed=577.5s
[  368/1000] acc=86.41% elapsed=590.3s
[  376/1000] acc=86.70% elapsed=603.1s
[  384/1000] acc=86.98% elapsed=615.9s
[  392/1000] acc=87.24% elapsed=628.7s
[  400/1000] acc=87.50% elapsed=641.5s
[  408/1000] acc=87.25% elapsed=654.5s
[  416/1000] acc=87.50% elapsed=667.3s
[  424/1000] acc=87.26% elapsed=680.1s
[  432/1000] acc=87.50% elapsed=692.9s
[  440/1000] acc=87.73% elapsed=705.7s
[  448/1000] acc=87.50% elapsed=718.5s
[  456/1000] acc=87.50% elapsed=731.3s
[  464/1000] acc=87.72% elapsed=744.1s
[  472/1000] acc=87.71% elapsed=756.9s
[  480/1000] acc=87.71% elapsed=769.7s
[  488/1000] acc=87.50% elapsed=782.5s
[  496/1000] acc=87.70% elapsed=795.3s
[  504/1000] acc=87.30% elapsed=808.1s
[  512/1000] acc=87.30% elapsed=820.9s
[  520/1000] acc=87.50% elapsed=833.7s
[  528/1000] acc=87.69% elapsed=846.6s
[  536/1000] acc=87.87% elapsed=859.4s
[  544/1000] acc=87.87% elapsed=872.2s
[  552/1000] acc=87.86% elapsed=885.0s
[  560/1000] acc=87.86% elapsed=897.8s
[  568/1000] acc=87.85% elapsed=910.6s
[  576/1000] acc=87.85% elapsed=923.4s
[  584/1000] acc=88.01% elapsed=936.2s
[  592/1000] acc=87.84% elapsed=949.0s
[  600/1000] acc=87.67% elapsed=961.8s
[  608/1000] acc=87.50% elapsed=974.6s
[  616/1000] acc=87.50% elapsed=987.4s
[  624/1000] acc=87.66% elapsed=1000.3s
[  632/1000] acc=87.50% elapsed=1013.1s
[  640/1000] acc=87.66% elapsed=1025.9s
[  648/1000] acc=87.81% elapsed=1038.7s
[  656/1000] acc=87.65% elapsed=1051.5s
[  664/1000] acc=87.80% elapsed=1064.4s
[  672/1000] acc=87.95% elapsed=1077.2s
[  680/1000] acc=88.09% elapsed=1090.0s
[  688/1000] acc=88.23% elapsed=1102.8s
[  696/1000] acc=87.93% elapsed=1115.7s
[  704/1000] acc=88.07% elapsed=1128.5s
[  712/1000] acc=88.06% elapsed=1141.3s
[  720/1000] acc=88.19% elapsed=1154.2s
[  728/1000] acc=88.05% elapsed=1167.0s
[  736/1000] acc=88.18% elapsed=1179.8s
[  744/1000] acc=88.31% elapsed=1192.6s
[  752/1000] acc=88.30% elapsed=1205.4s
[  760/1000] acc=88.42% elapsed=1218.2s
[  768/1000] acc=88.41% elapsed=1231.0s
[  776/1000] acc=88.53% elapsed=1243.9s
[  784/1000] acc=88.39% elapsed=1256.7s
[  792/1000] acc=88.26% elapsed=1269.5s
[  800/1000] acc=88.12% elapsed=1282.3s
[  808/1000] acc=88.12% elapsed=1295.1s
[  816/1000] acc=88.24% elapsed=1307.9s
[  824/1000] acc=88.35% elapsed=1320.7s
[  832/1000] acc=88.34% elapsed=1333.5s
[  840/1000] acc=88.45% elapsed=1346.3s
[  848/1000] acc=88.56% elapsed=1359.2s
[  856/1000] acc=88.43% elapsed=1372.0s
[  864/1000] acc=88.43% elapsed=1384.8s
[  872/1000] acc=88.30% elapsed=1397.6s
[  880/1000] acc=88.41% elapsed=1410.4s
[  888/1000] acc=88.51% elapsed=1423.3s
[  896/1000] acc=88.62% elapsed=1436.1s
[  904/1000] acc=88.72% elapsed=1448.9s
[  912/1000] acc=88.60% elapsed=1461.7s
[  920/1000] acc=88.70% elapsed=1474.5s
[  928/1000] acc=88.79% elapsed=1487.3s
[  936/1000] acc=88.89% elapsed=1500.2s
[  944/1000] acc=88.98% elapsed=1513.0s
[  952/1000] acc=88.76% elapsed=1525.8s
[  960/1000] acc=88.85% elapsed=1538.6s
[  968/1000] acc=88.95% elapsed=1551.4s
[  976/1000] acc=88.93% elapsed=1564.3s
[  984/1000] acc=88.92% elapsed=1577.1s
[  992/1000] acc=88.71% elapsed=1589.9s
[ 1000/1000] acc=88.70% elapsed=1602.7s
FINAL: 88.70%
%I:rhs: Closing...
[]
