run_dir: runs\m5_j1rf_stem5_v8probe15_d3ca1fc0
[m5_j1rf_stem5_v8probe15] device=cpu run_dir=runs\m5_j1rf_stem5_v8probe15_d3ca1fc0
params=100,250 MACs=5,309,696 (5.31M)
  init_from weights/m5_j1rf_stem5_clean.pth: 40/40 tensors loaded
[prepare_model_v8] stem.0: iid=0.0 col_off=0.0 col_gain=0.0000 dw=0.00 fp32=True
[prepare_model_v8] stage1.0: iid=260.0 col_off=421.5 col_gain=0.0377 dw=5.58 fp32=False
[prepare_model_v8] stage2.0: iid=260.0 col_off=717.0 col_gain=0.0360 dw=9.73 fp32=False
[prepare_model_v8] stage2.3: iid=260.0 col_off=688.5 col_gain=0.0180 dw=7.50 fp32=False
[prepare_model_v8] stage3.0: iid=260.0 col_off=1308.0 col_gain=0.0236 dw=7.00 fp32=False
[prepare_model_v8] stage3.3: iid=260.0 col_off=396.0 col_gain=0.0189 dw=10.85 fp32=False
[prepare_model_v8] 6 conv converted
C:\Users\lhh\AppData\Local\Programs\Python\Python39\lib\site-packages\torch\utils\data\dataloader.py:666: UserWarning: 'pin_memory' argument is set as true but no accelerator is found, then device pinned memory won't be used.
  warnings.warn(warn_msg)
  ep   1 | tr 0.415/95.21% | val 1.564/75.02% | lr 5.00e-03 | 88s
  ep   5 | tr 0.398/95.97% | val 0.650/85.43% | lr 9.93e-03 | 35s
  ep  10 | tr 0.401/95.81% | val 1.106/78.06% | lr 9.54e-03 | 34s
  ep  15 | tr 0.388/96.45% | val 0.542/89.81% | lr 8.82e-03 | 32s
  ep  20 | tr 0.392/96.19% | val 0.570/89.07% | lr 7.83e-03 | 31s
  ep  25 | tr 0.382/96.67% | val 0.911/83.13% | lr 6.63e-03 | 30s
  ep  30 | tr 0.370/97.26% | val 1.161/79.04% | lr 5.32e-03 | 30s
  ep  35 | tr 0.363/97.44% | val 0.406/95.59% | lr 3.99e-03 | 30s
  ep  40 | tr 0.353/97.84% | val 0.409/95.17% | lr 2.73e-03 | 29s
  ep  45 | tr 0.342/98.36% | val 0.514/92.04% | lr 1.65e-03 | 29s
  ep  50 | tr 0.339/98.57% | val 0.441/93.28% | lr 8.09e-04 | 29s
  ep  55 | tr 0.336/98.64% | val 0.398/96.17% | lr 2.80e-04 | 31s
  ep  60 | tr 0.335/98.59% | val 0.384/96.44% | lr 1.00e-04 | 38s
[DONE] m5_j1rf_stem5_v8probe15 best_val=96.57% test_acc=96.65% test_f1=96.57% ece=0.0380
