设备: cpu | torch 2.8.0+cpu | threads 16
==================================================================
  Model 4 MiniVGG-GAP Phase4 v3: int8 QAT + Gazelle 噪声 (本地 CPU)
  ★ stem 策略: FP32 电计算 (3×3 stem patch=27→32, 对齐率 84.4% — vs M2/M3 1×1 stem 37.5%)
  其余 Conv+Linear int8 (激活 uint8+zp 对齐 osimulator)
  策略: 从 FP32 基线 minivgg_gap.pth 微调 15 epochs
==================================================================
训练: 16200, 验证: 5400 (eurosat_split, test 留出)

参数量: 260,234
[load] FP32 基线 weights/minivgg_gap.pth: missing=0 unexpected=0

[Step 1] 转换为 QAT v4 (int8 权重, Gazelle 噪声, stem FP32)
[prepare_model_v4] Gazelle HW-aware QAT: wint8/a8 (uint8_affine, 匹配 osimulator uint8+zp)
  QAT Conv: 6 enabled + 1 fp32 (first layer)
  QAT Linear: 1, BN: 7
  硬件噪声: GazelleNoise(DAC_ENOB=7.5, TIA_σ=5.3e-04, ADC_lsb=0.0015) — 训练时注入 权重DAC + 激活TIA/ADC
  首层 Conv 保留 FP32 (对齐率低, 电计算更高效)

  [MiniVGG-GAP (v4)] 层名                           C_in      K      展平长度       补零后      对齐率
  ------------------------------------------------------------------------
  [QATConv2d_v4 FP32 ] stem.0                       3   3×3        27        32   84.4%  w8
  [QATConv2d_v4 QAT  ] stage1.0                    32   3×3       288       288  100.0%  w8
  [QATConv2d_v4 QAT  ] stage1.3                    48   3×3       432       432  100.0%  w8
  [QATConv2d_v4 QAT  ] stage2.0                    48   3×3       432       432  100.0%  w8
  [QATConv2d_v4 QAT  ] stage2.3                    72   3×3       648       648  100.0%  w8
  [QATConv2d_v4 QAT  ] stage3.0                    72   3×3       648       648  100.0%  w8
  [QATConv2d_v4 QAT  ] stage3.3                    96   3×3       864       864  100.0%  w8
  综合硬件对齐率: 99.9% (展平总长度 3435 → 补零后 3440)

[Step 2] 微调 (15 epochs, lr=0.001, wd=0.0005, label_smoothing=0.05)
  GazelleNoise(DAC_ENOB=7.5, TIA_σ=5.3e-4, ADC_lsb=0.0015) — 训练时注入 权重DAC + 激活TIA/ADC 噪声
------------------------------------------------------------------------------
  Epoch | Train Loss Train Acc |  Val Loss  Val Acc |     Best |       LR |    Time
----------------------------------------------------------------------------
      1  |     0.4696   97.01% |    0.4643  94.63% |  94.63% | 0.00020 |  117.2s
      2  |     0.3723   98.80% |    0.4960  93.04% |  94.63% | 0.00040 |  103.7s
      3  |     0.3713   98.71% |    0.5262  91.44% |  94.63% | 0.00060 |   96.6s
      4  |     0.3763   98.21% |    0.4746  93.96% |  94.63% | 0.00080 |   94.8s
      5  |     0.3894   97.48% |    0.5718  89.50% |  94.63% | 0.00100 |   87.9s
      6  |     0.4101   96.28% |    0.4471  94.89% |  94.89% | 0.00098 |   85.4s
      7  |     0.3788   97.72% |    0.4322  95.39% |  95.39% | 0.00091 |   88.9s
      8  |     0.3788   97.43% |    0.4352  94.65% |  95.39% | 0.00080 |   86.3s
      9  |     0.3649   97.93% |    0.5288  90.74% |  95.39% | 0.00066 |   86.7s
     10  |     0.3526   98.41% |    0.4346  94.67% |  95.39% | 0.00050 |   86.8s
     11  |     0.3495   98.41% |    0.4225  95.44% |  95.44% | 0.00035 |   85.6s
     12  |     0.3361   99.00% |    0.4456  93.83% |  95.44% | 0.00021 |   90.9s
     13  |     0.3313   99.18% |    0.4011  95.78% |  95.78% | 0.00010 |   87.0s
     14  |     0.3266   99.29% |    0.4018  96.06% |  96.06% | 0.00003 |   88.4s
     15  |     0.3231   99.48% |    0.4093  95.67% |  96.06% | 0.00001 |  101.9s

[Step 3] 最终评估 (最佳 val 96.06%)
[enable_qat] Enabled QAT on 8 layers
  Int8 模式 (光计算模拟) val 准确率: 96.06%
[disable_qat] Disabled QAT on 8 layers
  Float32 模式 val 准确率:        96.11%
  Int8 量化损失:                 0.06%
[enable_qat] Enabled QAT on 8 layers
  Int8 模式 test 准确率 (独立 5400 张): 96.17%

  模型已保存: weights/minivgg_gap_phase4_v3_int8.pth

==================================================================
  训练完成 — 结果汇总
==================================================================
  模型:           MiniVGG-GAP (Phase4 v3, int8 + Gazelle 噪声)
  参数量:         260,234
  首层 stem:      FP32 电计算 (3×3, patch=27→32, 对齐率 84.4%)
  其余:           Conv×7 + Linear×1 → int8 QAT (激活 uint8+zp 对齐 osimulator)
  噪声:           训练时 权重DAC + 激活TIA/ADC (修复注入缺失)
  硬件对齐率:     99.9%
  训练总耗时:     1388.1s (23.1min, 15 epochs)
  Int8 最佳 val:  96.06%
  Int8 最终 val:  96.06%
  Float32 val:    96.11%
  FP32 基线参考:  96.65% (minivgg_gap.pth, 原生 FP32)
  权重:           weights/minivgg_gap_phase4_v3_int8.pth
==================================================================
