设备: cpu

============================================================
  Model 3 Phase4 v3: KD + int8 + Gazelle 噪声
  stem FP32 (匹配 osimulator) + Conv/Linear int8 QAT
============================================================
训练: 16200, 验证: 5400, 留出测试: 5400 (见 eurosat_split)
类别: ['AnnualCrop', 'Forest', 'HerbaceousVegetation', 'Highway', 'Industrial', 'Pasture', 'PermanentCrop', 'Residential', 'River', 'SeaLake']

[Step 0] 加载教师 (ResNet-18)
  教师权重加载成功 (97.83%)
  学生参数量: 267,944
  架构: 4×Conv + 2×Linear, bias=False, BN 保留

[Step 1] 转换学生: stem FP32, 其余 Conv+Linear→int8 QAT
  噪声: GazelleNoise(DAC_ENOB=7.5, TIA_σ=5.3e-4)
[prepare_model_v4] Gazelle HW-aware QAT: wint8/a8 (uint8_affine, 匹配 osimulator uint8+zp)
  QAT Conv: 3 enabled + 1 fp32 (first layer)
  QAT Linear: 2, BN: 4
  硬件噪声: GazelleNoise(DAC_ENOB=7.5, TIA_σ=5.3e-04, ADC_lsb=0.0015) — 训练时注入 权重DAC + 激活TIA/ADC
  首层 Conv 保留 FP32 (对齐率低, 电计算更高效)
  int8 QAT Conv: 3, int8 QAT Linear: 2, BN: 4 (float32), stem: FP32

  [Student (stem FP32 + int8)] 层名                           C_in      K      展平长度       补零后      对齐率
  ------------------------------------------------------------------------
  [QATConv2d_v4 FP32 ] stem.0                       3   1×1         3         8   37.5%  w8
  [QATConv2d_v4 QAT  ] stage1.0                     8   2×2        32        32  100.0%  w8
  [QATConv2d_v4 QAT  ] stage2.0                    16   2×2        64        64  100.0%  w8
  [QATConv2d_v4 QAT  ] stage3.0                    32   1×1        32        32  100.0%  w8
  综合硬件对齐率: 99.6% (展平总长度 1411 → 补零后 1416)

[Step 2] KD+Phase4 v3 训练 (100 epochs, T=4.0, α=0.7)
  教师: ResNet-18 (fp32, 97.83%)
  学生: stem FP32 + Conv/Linear int8 + Gazelle 噪声
  int8 权重 (硬件原生精度, 匹配 osimulator)
---------------------------------------------------------------------------
  Epoch |    KD Loss Train Acc |  Val Loss  Val Acc |     Best |       LR |    Time
  -------------------------------------------------------------------------
