[optic_layers] [WARN] osimulator not installed, using FakeOpticalEngine
==================================================================
  Optic-SpaceNet model8 -> REAL Gazelle (compass_matmul)
  backend=http  limit=200  batch=8
  weight=None
  correction=calib_m8_20260811e_off2600.npz
==================================================================
EuroSAT total=27000 test window=[2600:2800] (limit=200)
correction loaded: 5 weight keys
[OpticalEngine] Real simulator unavailable, fallback to fake mode
[load_state] 40/40 tensors loaded from m8_rf_stem5_v8probe15.pth
error records -> err_m8_20260811e_off2600.npz (offset=2600)
[HW/http]    25/25  acc=92.50%  elapsed=106s
FINAL http accuracy (200 images): 92.50% (185/200)
engine stats: calls=125 total_time=212.0s
saved 15 error records -> err_m8_20260811e_off2600.npz

--- NumPy clean reference (same quantization path) ---
[OpticalEngine] Real simulator unavailable, fallback to fake mode
[load_state] 40/40 tensors loaded from m8_rf_stem5_v8probe15.pth
[REF/numpy]    25/25  acc=97.50%  elapsed=0s
FINAL numpy reference accuracy (200 images): 97.50% (195/200)
HW vs clean-ref gap: -5.00 points
