[optic_layers] [WARN] osimulator not installed, using FakeOpticalEngine
==================================================================
  Optic-SpaceNet model8 -> REAL Gazelle (compass_matmul)
  backend=http  limit=200  batch=8
  weight=None
  correction=calib_m8_20260811h_off4400.npz
==================================================================
EuroSAT total=27000 test window=[4400:4600] (limit=200)
correction loaded: 5 weight keys
[OpticalEngine] Real simulator unavailable, fallback to fake mode
[load_state] 40/40 tensors loaded from m8_rf_stem5_v8probe15.pth
error records -> err_m8_20260811h_off4400.npz (offset=4400)
[HW/http]    25/25  acc=85.50%  elapsed=114s
FINAL http accuracy (200 images): 85.50% (171/200)
engine stats: calls=125 total_time=227.1s
saved 29 error records -> err_m8_20260811h_off4400.npz

--- NumPy clean reference (same quantization path) ---
[OpticalEngine] Real simulator unavailable, fallback to fake mode
[load_state] 40/40 tensors loaded from m8_rf_stem5_v8probe15.pth
[REF/numpy]    25/25  acc=96.00%  elapsed=1s
FINAL numpy reference accuracy (200 images): 96.00% (192/200)
HW vs clean-ref gap: -10.50 points
