[optic_layers] [WARN] osimulator not installed, using FakeOpticalEngine
==================================================================
  Optic-SpaceNet model7 -> REAL Gazelle (compass_matmul)
  backend=http  limit=200  batch=8
  weight=None
  correction=calib_m7_20260811a_off400.npz
==================================================================
EuroSAT total=27000 test window=[400:600] (limit=200)
correction loaded: 5 weight keys
[OpticalEngine] Real simulator unavailable, fallback to fake mode
[load_state] 40/40 tensors loaded from m7_j1w075_v8probe15.pth
error records -> err_m7_20260811a_off400.npz (offset=400)
[HW/http]    25/25  acc=75.00%  elapsed=84s
FINAL http accuracy (200 images): 75.00% (150/200)
engine stats: calls=125 total_time=167.1s
saved 50 error records -> err_m7_20260811a_off400.npz

--- NumPy clean reference (same quantization path) ---
[OpticalEngine] Real simulator unavailable, fallback to fake mode
[load_state] 40/40 tensors loaded from m7_j1w075_v8probe15.pth
[REF/numpy]    25/25  acc=96.00%  elapsed=0s
FINAL numpy reference accuracy (200 images): 96.00% (192/200)
HW vs clean-ref gap: -21.00 points
