[optic_layers] [WARN] osimulator not installed, using FakeOpticalEngine
==================================================================
  Optic-SpaceNet model6 -> REAL Gazelle (compass_matmul)
  backend=http  limit=200  batch=8
  weight=None
  correction=calib_m6_20260811i_off3200.npz
==================================================================
EuroSAT total=27000 test window=[3200:3400] (limit=200)
correction loaded: 5 weight keys
[OpticalEngine] Real simulator unavailable, fallback to fake mode
[load_state] 40/40 tensors loaded from m6_j1_v8probe15.pth
error records -> err_m6_20260811i_off3200.npz (offset=3200)
[HW/http]    25/25  acc=93.50%  elapsed=125s
FINAL http accuracy (200 images): 93.50% (187/200)
engine stats: calls=125 total_time=242.4s
saved 13 error records -> err_m6_20260811i_off3200.npz

--- NumPy clean reference (same quantization path) ---
[OpticalEngine] Real simulator unavailable, fallback to fake mode
[load_state] 40/40 tensors loaded from m6_j1_v8probe15.pth
[REF/numpy]    25/25  acc=94.50%  elapsed=0s
FINAL numpy reference accuracy (200 images): 94.50% (189/200)
HW vs clean-ref gap: -1.00 points
