[optic_layers] [WARN] osimulator not installed, using FakeOpticalEngine
==================================================================
  Optic-SpaceNet model6 -> REAL Gazelle (compass_matmul)
  backend=http  limit=200  batch=8
  weight=None
  correction=calib_m6_20260811l_off4600.npz
==================================================================
EuroSAT total=27000 test window=[4600:4800] (limit=200)
correction loaded: 5 weight keys
[OpticalEngine] Real simulator unavailable, fallback to fake mode
[load_state] 40/40 tensors loaded from m6_j1_v8probe15.pth
error records -> err_m6_20260811l_off4600.npz (offset=4600)
[HW/http]    25/25  acc=92.50%  elapsed=111s
FINAL http accuracy (200 images): 92.50% (185/200)
engine stats: calls=125 total_time=214.3s
saved 15 error records -> err_m6_20260811l_off4600.npz

--- NumPy clean reference (same quantization path) ---
[OpticalEngine] Real simulator unavailable, fallback to fake mode
[load_state] 40/40 tensors loaded from m6_j1_v8probe15.pth
[REF/numpy]    25/25  acc=93.00%  elapsed=0s
FINAL numpy reference accuracy (200 images): 93.00% (186/200)
HW vs clean-ref gap: -0.50 points
