[optic_layers] [WARN] osimulator not installed, using FakeOpticalEngine
==================================================================
  Optic-SpaceNet model6 -> REAL Gazelle (compass_matmul)
  backend=http  limit=200  batch=8
  weight=None
  correction=calib_m6_20260811i_off3000.npz
==================================================================
EuroSAT total=27000 test window=[3000:3200] (limit=200)
correction loaded: 5 weight keys
[OpticalEngine] Real simulator unavailable, fallback to fake mode
[load_state] 40/40 tensors loaded from m6_j1_v8probe15.pth
error records -> err_m6_20260811i_off3000.npz (offset=3000)
[HW/http]    25/25  acc=88.50%  elapsed=117s
FINAL http accuracy (200 images): 88.50% (177/200)
engine stats: calls=125 total_time=226.8s
saved 23 error records -> err_m6_20260811i_off3000.npz

--- NumPy clean reference (same quantization path) ---
[OpticalEngine] Real simulator unavailable, fallback to fake mode
[load_state] 40/40 tensors loaded from m6_j1_v8probe15.pth
[REF/numpy]    25/25  acc=92.50%  elapsed=0s
FINAL numpy reference accuracy (200 images): 92.50% (185/200)
HW vs clean-ref gap: -4.00 points
