[optic_layers] [WARN] osimulator not installed, using FakeOpticalEngine
==================================================================
  Optic-SpaceNet model8 -> REAL Gazelle (compass_matmul)
  backend=http  limit=200  batch=8
  weight=None
  correction=calib_m8_20260811g_off4000.npz
==================================================================
EuroSAT total=27000 test window=[4000:4200] (limit=200)
correction loaded: 5 weight keys
[OpticalEngine] Real simulator unavailable, fallback to fake mode
[load_state] 40/40 tensors loaded from m8_rf_stem5_v8probe15.pth
error records -> err_m8_20260811g_off4000.npz (offset=4000)
[HW/http]    25/25  acc=90.50%  elapsed=106s
FINAL http accuracy (200 images): 90.50% (181/200)
engine stats: calls=125 total_time=212.0s
saved 19 error records -> err_m8_20260811g_off4000.npz

--- NumPy clean reference (same quantization path) ---
[OpticalEngine] Real simulator unavailable, fallback to fake mode
[load_state] 40/40 tensors loaded from m8_rf_stem5_v8probe15.pth
[REF/numpy]    25/25  acc=98.00%  elapsed=0s
FINAL numpy reference accuracy (200 images): 98.00% (196/200)
HW vs clean-ref gap: -7.50 points
