[optic_layers] [WARN] osimulator not installed, using FakeOpticalEngine
==================================================================
  Optic-SpaceNet model5 -> REAL Gazelle (compass_matmul)
  backend=http  limit=200  batch=8
  weight=None
  correction=calib_m5_20260811a.npz
==================================================================
EuroSAT total=27000 test window=[0:200] (limit=200)
correction loaded: 5 weight keys
[OpticalEngine] Real simulator unavailable, fallback to fake mode
[load_state] 40/40 tensors loaded from m5_j1rf_stem5_v8probe15.pth
error records -> err_m5_seg1_off0.npz (offset=0)
[HW/http]    25/25  acc=88.50%  elapsed=234s
FINAL http accuracy (200 images): 88.50% (177/200)
engine stats: calls=125 total_time=462.0s
saved 23 error records -> err_m5_seg1_off0.npz

--- NumPy clean reference (same quantization path) ---
[OpticalEngine] Real simulator unavailable, fallback to fake mode
[load_state] 40/40 tensors loaded from m5_j1rf_stem5_v8probe15.pth
[REF/numpy]    25/25  acc=96.50%  elapsed=0s
FINAL numpy reference accuracy (200 images): 96.50% (193/200)
HW vs clean-ref gap: -8.00 points
