[optic_layers] [WARN] osimulator not installed, using FakeOpticalEngine
==================================================================
  Optic-SpaceNet model8 -> REAL Gazelle (compass_matmul)
  backend=http  limit=200  batch=8
  weight=None
  correction=calib_m8_20260811a_off0.npz
==================================================================
EuroSAT total=27000 test window=[0:200] (limit=200)
correction loaded: 5 weight keys
[OpticalEngine] Real simulator unavailable, fallback to fake mode
[load_state] 40/40 tensors loaded from m8_rf_stem5_v8probe15.pth
error records -> err_m8_20260811a_off0.npz (offset=0)
[HW/http]    25/25  acc=84.00%  elapsed=110s
FINAL http accuracy (200 images): 84.00% (168/200)
engine stats: calls=125 total_time=219.5s
saved 32 error records -> err_m8_20260811a_off0.npz

--- NumPy clean reference (same quantization path) ---
[OpticalEngine] Real simulator unavailable, fallback to fake mode
[load_state] 40/40 tensors loaded from m8_rf_stem5_v8probe15.pth
[REF/numpy]    25/25  acc=97.50%  elapsed=0s
FINAL numpy reference accuracy (200 images): 97.50% (195/200)
HW vs clean-ref gap: -13.50 points
