[optic_layers] [WARN] osimulator not installed, using FakeOpticalEngine
==================================================================
  Optic-SpaceNet model4 -> REAL Gazelle (compass_matmul)
  backend=http  limit=200  batch=8
  weight=None
  correction=calib_m4_20260810r.npz
==================================================================
EuroSAT total=27000 test window=[3600:3800] (limit=200)
correction loaded: 7 weight keys
[OpticalEngine] Real simulator unavailable, fallback to fake mode
[load_state] 44/44 tensors loaded from minivgg_gap_phase4_v3_int8.pth
error records -> err_m4_seg23_off3600.npz (offset=3600)
[HW/http]    25/25  acc=94.50%  elapsed=790s
FINAL http accuracy (200 images): 94.50% (189/200)
engine stats: calls=175 total_time=1571.4s
saved 11 error records -> err_m4_seg23_off3600.npz

--- NumPy clean reference (same quantization path) ---
[OpticalEngine] Real simulator unavailable, fallback to fake mode
[load_state] 44/44 tensors loaded from minivgg_gap_phase4_v3_int8.pth
[REF/numpy]    25/25  acc=96.50%  elapsed=1s
FINAL numpy reference accuracy (200 images): 96.50% (193/200)
HW vs clean-ref gap: -2.00 points
