[optic_layers] [WARN] osimulator not installed, using FakeOpticalEngine
==================================================================
  Optic-SpaceNet model6 -> REAL Gazelle (compass_matmul)
  backend=http  limit=200  batch=8
  weight=None
  correction=calib_m6_20260811j_off3800.npz
==================================================================
EuroSAT total=27000 test window=[3800:4000] (limit=200)
correction loaded: 5 weight keys
[OpticalEngine] Real simulator unavailable, fallback to fake mode
[load_state] 40/40 tensors loaded from m6_j1_v8probe15.pth
error records -> err_m6_20260811j_off3800.npz (offset=3800)
[HW/http]    25/25  acc=91.50%  elapsed=118s
FINAL http accuracy (200 images): 91.50% (183/200)
engine stats: calls=125 total_time=229.8s
saved 17 error records -> err_m6_20260811j_off3800.npz

--- NumPy clean reference (same quantization path) ---
[OpticalEngine] Real simulator unavailable, fallback to fake mode
[load_state] 40/40 tensors loaded from m6_j1_v8probe15.pth
[REF/numpy]    25/25  acc=94.00%  elapsed=0s
FINAL numpy reference accuracy (200 images): 94.00% (188/200)
HW vs clean-ref gap: -2.50 points
