[optic_layers] [WARN] osimulator not installed, using FakeOpticalEngine
==================================================================
  Optic-SpaceNet model7 -> REAL Gazelle (compass_matmul)
  backend=http  limit=200  batch=8
  weight=None
  correction=calib_m7_20260811a_off0.npz
==================================================================
EuroSAT total=27000 test window=[0:200] (limit=200)
correction loaded: 5 weight keys
[OpticalEngine] Real simulator unavailable, fallback to fake mode
[load_state] 40/40 tensors loaded from m7_j1w075_v8probe15.pth
error records -> err_m7_20260811a_off0.npz (offset=0)
[HW/http]    25/25  acc=81.00%  elapsed=83s
FINAL http accuracy (200 images): 81.00% (162/200)
engine stats: calls=125 total_time=165.5s
saved 38 error records -> err_m7_20260811a_off0.npz

--- NumPy clean reference (same quantization path) ---
[OpticalEngine] Real simulator unavailable, fallback to fake mode
[load_state] 40/40 tensors loaded from m7_j1w075_v8probe15.pth
[REF/numpy]    25/25  acc=97.50%  elapsed=0s
FINAL numpy reference accuracy (200 images): 97.50% (195/200)
HW vs clean-ref gap: -16.50 points
