[optic_layers] [WARN] osimulator not installed, using FakeOpticalEngine
==================================================================
  Optic-SpaceNet model8 -> REAL Gazelle (compass_matmul)
  backend=http  limit=200  batch=8
  weight=None
  correction=calib_m8_20260811i_off5000.npz
==================================================================
EuroSAT total=27000 test window=[5000:5200] (limit=200)
correction loaded: 5 weight keys
[OpticalEngine] Real simulator unavailable, fallback to fake mode
[load_state] 40/40 tensors loaded from m8_rf_stem5_v8probe15.pth
error records -> err_m8_20260811i_off5000.npz (offset=5000)
[HW/http]    25/25  acc=86.50%  elapsed=113s
FINAL http accuracy (200 images): 86.50% (173/200)
engine stats: calls=125 total_time=224.9s
saved 27 error records -> err_m8_20260811i_off5000.npz

--- NumPy clean reference (same quantization path) ---
[OpticalEngine] Real simulator unavailable, fallback to fake mode
[load_state] 40/40 tensors loaded from m8_rf_stem5_v8probe15.pth
[REF/numpy]    25/25  acc=94.50%  elapsed=1s
FINAL numpy reference accuracy (200 images): 94.50% (189/200)
HW vs clean-ref gap: -8.00 points
