[optic_layers] [WARN] osimulator not installed, using FakeOpticalEngine
==================================================================
  Optic-SpaceNet model7 -> REAL Gazelle (compass_matmul)
  backend=http  limit=200  batch=8
  weight=None
  correction=calib_m7r_off1000.npz
==================================================================
EuroSAT total=27000 test window=[1000:1200] (limit=200)
correction loaded: 5 weight keys
[OpticalEngine] Real simulator unavailable, fallback to fake mode
[load_state] 40/40 tensors loaded from m7_j1w075_v8probe15.pth
error records -> err_m7r_off1000.npz (offset=1000)
[HW/http]    25/25  acc=86.50%  elapsed=173s
FINAL http accuracy (200 images): 86.50% (173/200)
engine stats: calls=125 total_time=345.4s
saved 27 error records -> err_m7r_off1000.npz

--- NumPy clean reference (same quantization path) ---
[OpticalEngine] Real simulator unavailable, fallback to fake mode
[load_state] 40/40 tensors loaded from m7_j1w075_v8probe15.pth
[REF/numpy]    25/25  acc=95.50%  elapsed=0s
FINAL numpy reference accuracy (200 images): 95.50% (191/200)
HW vs clean-ref gap: -9.00 points
