[optic_layers] [WARN] osimulator not installed, using FakeOpticalEngine
==================================================================
  Optic-SpaceNet model8 -> REAL Gazelle (compass_matmul)
  backend=http  limit=200  batch=8
  weight=None
  correction=calib_m8_20260811d_off2000.npz
==================================================================
EuroSAT total=27000 test window=[2000:2200] (limit=200)
correction loaded: 5 weight keys
[OpticalEngine] Real simulator unavailable, fallback to fake mode
[load_state] 40/40 tensors loaded from m8_rf_stem5_v8probe15.pth
error records -> err_m8_20260811d_off2000.npz (offset=2000)
[HW/http]    25/25  acc=92.00%  elapsed=118s
FINAL http accuracy (200 images): 92.00% (184/200)
engine stats: calls=125 total_time=234.4s
saved 16 error records -> err_m8_20260811d_off2000.npz

--- NumPy clean reference (same quantization path) ---
[OpticalEngine] Real simulator unavailable, fallback to fake mode
[load_state] 40/40 tensors loaded from m8_rf_stem5_v8probe15.pth
[REF/numpy]    25/25  acc=98.00%  elapsed=0s
FINAL numpy reference accuracy (200 images): 98.00% (196/200)
HW vs clean-ref gap: -6.00 points
