[optic_layers] [WARN] osimulator not installed, using FakeOpticalEngine
==================================================================
  Optic-SpaceNet model7 -> REAL Gazelle (compass_matmul)
  backend=http  limit=200  batch=8
  weight=None
  correction=calib_m7r_off2200.npz
==================================================================
EuroSAT total=27000 test window=[2200:2400] (limit=200)
correction loaded: 5 weight keys
[OpticalEngine] Real simulator unavailable, fallback to fake mode
[load_state] 40/40 tensors loaded from m7_j1w075_v8probe15.pth
error records -> err_m7r_off2200.npz (offset=2200)
[HW/http]    25/25  acc=79.00%  elapsed=172s
FINAL http accuracy (200 images): 79.00% (158/200)
engine stats: calls=125 total_time=337.5s
saved 42 error records -> err_m7r_off2200.npz

--- NumPy clean reference (same quantization path) ---
[OpticalEngine] Real simulator unavailable, fallback to fake mode
[load_state] 40/40 tensors loaded from m7_j1w075_v8probe15.pth
[REF/numpy]    25/25  acc=97.00%  elapsed=0s
FINAL numpy reference accuracy (200 images): 97.00% (194/200)
HW vs clean-ref gap: -18.00 points
