[optic_layers] [WARN] osimulator not installed, using FakeOpticalEngine
==================================================================
  Optic-SpaceNet model5 -> REAL Gazelle (compass_matmul)
  backend=http  limit=200  batch=8
  weight=None
  correction=calib_m5_20260811e_off3000.npz
==================================================================
EuroSAT total=27000 test window=[3000:3200] (limit=200)
correction loaded: 5 weight keys
[OpticalEngine] Real simulator unavailable, fallback to fake mode
[load_state] 40/40 tensors loaded from m5_j1rf_stem5_v8probe15.pth
error records -> err_m5_20260811e_off3000.npz (offset=3000)
[HW/http]    25/25  acc=85.50%  elapsed=233s
FINAL http accuracy (200 images): 85.50% (171/200)
engine stats: calls=125 total_time=465.6s
saved 29 error records -> err_m5_20260811e_off3000.npz

--- NumPy clean reference (same quantization path) ---
[OpticalEngine] Real simulator unavailable, fallback to fake mode
[load_state] 40/40 tensors loaded from m5_j1rf_stem5_v8probe15.pth
[REF/numpy]    25/25  acc=95.50%  elapsed=1s
FINAL numpy reference accuracy (200 images): 95.50% (191/200)
HW vs clean-ref gap: -10.00 points
