[optic_layers] [WARN] osimulator not installed, using FakeOpticalEngine
==================================================================
  Optic-SpaceNet model6 -> REAL Gazelle (compass_matmul)
  backend=http  limit=200  batch=8
  weight=None
  correction=calib_m6_20260811j_off3400.npz
==================================================================
EuroSAT total=27000 test window=[3400:3600] (limit=200)
correction loaded: 5 weight keys
[OpticalEngine] Real simulator unavailable, fallback to fake mode
[load_state] 40/40 tensors loaded from m6_j1_v8probe15.pth
error records -> err_m6_20260811j_off3400.npz (offset=3400)
[HW/http]    25/25  acc=94.00%  elapsed=117s
FINAL http accuracy (200 images): 94.00% (188/200)
engine stats: calls=125 total_time=226.7s
saved 12 error records -> err_m6_20260811j_off3400.npz

--- NumPy clean reference (same quantization path) ---
[OpticalEngine] Real simulator unavailable, fallback to fake mode
[load_state] 40/40 tensors loaded from m6_j1_v8probe15.pth
[REF/numpy]    25/25  acc=96.00%  elapsed=0s
FINAL numpy reference accuracy (200 images): 96.00% (192/200)
HW vs clean-ref gap: -2.00 points
