[optic_layers] [WARN] osimulator not installed, using FakeOpticalEngine
==================================================================
  Optic-SpaceNet model6 -> REAL Gazelle (compass_matmul)
  backend=http  limit=200  batch=8
  weight=None
  correction=calib_m6_20260811i_off2800.npz
==================================================================
EuroSAT total=27000 test window=[2800:3000] (limit=200)
correction loaded: 5 weight keys
[OpticalEngine] Real simulator unavailable, fallback to fake mode
[load_state] 40/40 tensors loaded from m6_j1_v8probe15.pth
error records -> err_m6_20260811i_off2800.npz (offset=2800)
[HW/http]    25/25  acc=94.50%  elapsed=115s
FINAL http accuracy (200 images): 94.50% (189/200)
engine stats: calls=125 total_time=221.9s
saved 11 error records -> err_m6_20260811i_off2800.npz

--- NumPy clean reference (same quantization path) ---
[OpticalEngine] Real simulator unavailable, fallback to fake mode
[load_state] 40/40 tensors loaded from m6_j1_v8probe15.pth
[REF/numpy]    25/25  acc=96.00%  elapsed=0s
FINAL numpy reference accuracy (200 images): 96.00% (192/200)
HW vs clean-ref gap: -1.50 points
