[optic_layers] [WARN] osimulator not installed, using FakeOpticalEngine
==================================================================
  Optic-SpaceNet model8 -> REAL Gazelle (compass_matmul)
  backend=http  limit=200  batch=8
  weight=None
  correction=calib_m8_20260811i_off4800.npz
==================================================================
EuroSAT total=27000 test window=[4800:5000] (limit=200)
correction loaded: 5 weight keys
[OpticalEngine] Real simulator unavailable, fallback to fake mode
[load_state] 40/40 tensors loaded from m8_rf_stem5_v8probe15.pth
error records -> err_m8_20260811i_off4800.npz (offset=4800)
[HW/http]    25/25  acc=89.00%  elapsed=115s
FINAL http accuracy (200 images): 89.00% (178/200)
engine stats: calls=125 total_time=229.4s
saved 22 error records -> err_m8_20260811i_off4800.npz

--- NumPy clean reference (same quantization path) ---
[OpticalEngine] Real simulator unavailable, fallback to fake mode
[load_state] 40/40 tensors loaded from m8_rf_stem5_v8probe15.pth
[REF/numpy]    25/25  acc=97.00%  elapsed=1s
FINAL numpy reference accuracy (200 images): 97.00% (194/200)
HW vs clean-ref gap: -8.00 points
