[optic_layers] [WARN] osimulator not installed, using FakeOpticalEngine
==================================================================
  Optic-SpaceNet model4 -> REAL Gazelle (compass_matmul)
  backend=http  limit=200  batch=8
  weight=None
  correction=calib_m4_20260810g.npz
==================================================================
EuroSAT total=27000 test window=[1600:1800] (limit=200)
correction loaded: 7 weight keys
[OpticalEngine] Real simulator unavailable, fallback to fake mode
[load_state] 44/44 tensors loaded from minivgg_gap_phase4_v3_int8.pth
[HW/http]    25/25  acc=91.00%  elapsed=1165s
FINAL http accuracy (200 images): 91.00% (182/200)
engine stats: calls=175 total_time=2321.2s

--- NumPy clean reference (same quantization path) ---
[OpticalEngine] Real simulator unavailable, fallback to fake mode
[load_state] 44/44 tensors loaded from minivgg_gap_phase4_v3_int8.pth
[REF/numpy]    25/25  acc=96.50%  elapsed=1s
FINAL numpy reference accuracy (200 images): 96.50% (193/200)
HW vs clean-ref gap: -5.50 points
