[optic_layers] [WARN] osimulator not installed, using FakeOpticalEngine
==================================================================
  Optic-SpaceNet model4 -> REAL Gazelle (compass_matmul)
  backend=http  limit=200  batch=8
  weight=None
  correction=calib_m4_20260809a.npz
==================================================================
EuroSAT total=27000 test window=[0:200] (limit=200)
correction loaded: 7 weight keys
[OpticalEngine] Real simulator unavailable, fallback to fake mode
[load_state] 44/44 tensors loaded from minivgg_gap_phase4_v3_int8.pth
[HW/http]    25/25  acc=95.00%  elapsed=2507s
FINAL http accuracy (200 images): 95.00% (190/200)
engine stats: calls=175 total_time=5013.7s

--- NumPy clean reference (same quantization path) ---
[OpticalEngine] Real simulator unavailable, fallback to fake mode
[load_state] 26/26 tensors loaded from spacenet_v1_phase4_v3_int8.pth
[REF/numpy]    25/25  acc=89.00%  elapsed=1s
FINAL numpy reference accuracy (200 images): 89.00% (178/200)
HW vs clean-ref gap: 6.00 points
