[optic_layers] [WARN] osimulator not installed, using FakeOpticalEngine
==================================================================
  Optic-SpaceNet model5 -> REAL Gazelle (compass_matmul)
  backend=http  limit=200  batch=8
  weight=None
  correction=calib_m5_20260811c_off2000.npz
==================================================================
EuroSAT total=27000 test window=[2000:2200] (limit=200)
correction loaded: 5 weight keys
[OpticalEngine] Real simulator unavailable, fallback to fake mode
[load_state] 40/40 tensors loaded from m5_j1rf_stem5_v8probe15.pth
error records -> err_m5_20260811c_off2000.npz (offset=2000)
[HW/http]    25/25  acc=89.50%  elapsed=237s
FINAL http accuracy (200 images): 89.50% (179/200)
engine stats: calls=125 total_time=472.7s
saved 21 error records -> err_m5_20260811c_off2000.npz

--- NumPy clean reference (same quantization path) ---
[OpticalEngine] Real simulator unavailable, fallback to fake mode
[load_state] 40/40 tensors loaded from m5_j1rf_stem5_v8probe15.pth
[REF/numpy]    25/25  acc=97.00%  elapsed=1s
FINAL numpy reference accuracy (200 images): 97.00% (194/200)
HW vs clean-ref gap: -7.50 points
