[optic_layers] [WARN] osimulator not installed, using FakeOpticalEngine
==================================================================
  Optic-SpaceNet model4 -> REAL Gazelle (compass_matmul)
  backend=http  limit=200  batch=8
  weight=None
  correction=calib_m4_20260810u.npz
==================================================================
EuroSAT total=27000 test window=[4200:4400] (limit=200)
correction loaded: 7 weight keys
[OpticalEngine] Real simulator unavailable, fallback to fake mode
[load_state] 44/44 tensors loaded from minivgg_gap_phase4_v3_int8.pth
error records -> err_m4_seg26_off4200.npz (offset=4200)
[HW/http]    25/25  acc=93.00%  elapsed=796s
FINAL http accuracy (200 images): 93.00% (186/200)
engine stats: calls=175 total_time=1582.6s
saved 14 error records -> err_m4_seg26_off4200.npz

--- NumPy clean reference (same quantization path) ---
[OpticalEngine] Real simulator unavailable, fallback to fake mode
[load_state] 44/44 tensors loaded from minivgg_gap_phase4_v3_int8.pth
[REF/numpy]    25/25  acc=93.50%  elapsed=1s
FINAL numpy reference accuracy (200 images): 93.50% (187/200)
HW vs clean-ref gap: -0.50 points
