[optic_layers] [WARN] osimulator not installed, using FakeOpticalEngine
==================================================================
  Optic-SpaceNet model5 -> REAL Gazelle (compass_matmul)
  backend=http  limit=200  batch=8
  weight=None
  correction=calib_m5_20260811f_off3800.npz
==================================================================
EuroSAT total=27000 test window=[3800:4000] (limit=200)
correction loaded: 5 weight keys
[OpticalEngine] Real simulator unavailable, fallback to fake mode
[load_state] 40/40 tensors loaded from m5_j1rf_stem5_v8probe15.pth
error records -> err_m5_20260811f_off3800.npz (offset=3800)
[HW/http]    25/25  acc=90.50%  elapsed=232s
FINAL http accuracy (200 images): 90.50% (181/200)
engine stats: calls=125 total_time=464.1s
saved 19 error records -> err_m5_20260811f_off3800.npz

--- NumPy clean reference (same quantization path) ---
[OpticalEngine] Real simulator unavailable, fallback to fake mode
[load_state] 40/40 tensors loaded from m5_j1rf_stem5_v8probe15.pth
[REF/numpy]    25/25  acc=96.00%  elapsed=0s
FINAL numpy reference accuracy (200 images): 96.00% (192/200)
HW vs clean-ref gap: -5.50 points
