[optic_layers] [WARN] osimulator not installed, using FakeOpticalEngine
==================================================================
  Optic-SpaceNet model4 -> REAL Gazelle (compass_matmul)
  backend=http  limit=200  batch=8
  weight=None
  correction=calib_m4_20260810q.npz
==================================================================
EuroSAT total=27000 test window=[3400:3600] (limit=200)
correction loaded: 7 weight keys
[OpticalEngine] Real simulator unavailable, fallback to fake mode
[load_state] 44/44 tensors loaded from minivgg_gap_phase4_v3_int8.pth
error records -> err_m4_seg22_off3400.npz (offset=3400)
[HW/http]    25/25  acc=93.00%  elapsed=793s
FINAL http accuracy (200 images): 93.00% (186/200)
engine stats: calls=175 total_time=1576.6s
saved 14 error records -> err_m4_seg22_off3400.npz

--- NumPy clean reference (same quantization path) ---
[OpticalEngine] Real simulator unavailable, fallback to fake mode
[load_state] 44/44 tensors loaded from minivgg_gap_phase4_v3_int8.pth
[REF/numpy]    25/25  acc=95.50%  elapsed=1s
FINAL numpy reference accuracy (200 images): 95.50% (191/200)
HW vs clean-ref gap: -2.50 points
